[blenderkit-bridge] http://localhost:3001
[blenderkit-bridge] cache: D:\AI mac\Testing new ideas\drawing app\cache
[blenderkit-bridge] blender: blender (NOT FOUND — blend-only assets will fail fast; GLB-ready assets still import)
node:_http_outgoing:682
    throw new ERR_HTTP_HEADERS_SENT('set');
    ^

Error [ERR_HTTP_HEADERS_SENT]: Cannot set headers after they are sent to the client
    at ServerResponse.setHeader (node:_http_outgoing:682:11)
    at ServerResponse.header (D:\AI mac\Testing new ideas\drawing app\node_modules\express\lib\response.js:794:10)
    at ServerResponse.send (D:\AI mac\Testing new ideas\drawing app\node_modules\express\lib\response.js:174:12)
    at ServerResponse.json (D:\AI mac\Testing new ideas\drawing app\node_modules\express\lib\response.js:278:15)
    at fail (D:\AI mac\Testing new ideas\drawing app\server\blenderkitBridge.js:124:20)
    at ChildProcess.<anonymous> (D:\AI mac\Testing new ideas\drawing app\server\blenderkitBridge.js:549:16)
    at ChildProcess.emit (node:events:509:28)
    at maybeClose (node:internal/child_process:1141:16)
    at Socket.<anonymous> (node:internal/child_process:498:11)
    at Socket.emit (node:events:509:28) {
  code: 'ERR_HTTP_HEADERS_SENT'
}

Node.js v24.19.0
