
> websketch3d@0.9.0 dist
> electron-builder --win nsis

  • electron-builder  version=26.15.3 os=10.0.26200
  • loaded configuration  file=package.json ("build" field)
  • author is missed in the package.json  appPackageFile=D:\AI mac\Testing new ideas\drawing app\package.json
  • executing @electron/rebuild  electronVersion=44.3.0 arch=x64 buildFromSource=false workspaceRoot=D:\AI mac\Testing new ideas\drawing app projectDir=./ appDir=./
  • installing native dependencies  arch=x64
  • completed installing native dependencies
  • packaging       platform=win32 arch=x64 electron=44.3.0 appOutDir=dist\win-unpacked
  • downloaded      label=electron progress=100%
  • downloaded electron zip extracted successfully  output=D:\AI mac\Testing new ideas\drawing app\dist\win-unpacked
  • searching for node modules  pm=npm searchDir=D:\AI mac\Testing new ideas\drawing app
  • duplicate dependency references  dependencies=["debug@2.6.9","http-errors@2.0.1","on-finished@2.4.1","qs@6.15.3","http-errors@2.0.1","iconv-lite@0.4.24","type-is@1.6.18","debug@2.6.9","on-finished@2.4.1","get-intrinsic@1.3.0","call-bind-apply-helpers@1.0.2","call-bind-apply-helpers@1.0.2","es-object-atoms@1.1.2","call-bound@1.0.4","get-intrinsic@1.3.0","side-channel-map@1.0.1","debug@2.6.9","http-errors@2.0.1","on-finished@2.4.1","send@0.19.2","mime-types@2.1.35","@gltf-transform/core@4.5.1","@gltf-transform/core@4.5.1","@gltf-transform/extensions@4.5.1","ndarray@1.1.1","ndarray@1.1.1"]
  • updating asar integrity executable resource  executablePath=dist\win-unpacked\WebSketch 3D.exe
  • default Electron icon is used  reason=application icon is not set
  • signing with signtool.exe  path=dist\win-unpacked\WebSketch 3D.exe
  • building        target=nsis file=dist\WebSketch3D-Setup-0.9.0.exe archs=x64 oneClick=false perMachine=false
  • signing with signtool.exe  path=dist\win-unpacked\resources\elevate.exe
  • signing with signtool.exe  path=dist\WebSketch3D-Setup-0.9.0.__uninstaller.exe
  • signing with signtool.exe  path=dist\WebSketch3D-Setup-0.9.0.exe
  • building block map  blockMapFile=dist\WebSketch3D-Setup-0.9.0.exe.blockmap
BUILD EXIT: 0
